
> tauri-apptraderlogpro@0.2.2 test
> vitest --run


[1m[7m[36m RUN [39m[27m[22m [36mv2.1.9 [39m[90mC:/PROJETOS/TraderLogPro[39m

 [32mÔ£ô[39m src/lib/domain/risk/position-sizing-adapter.test.ts [2m([22m[2m4 tests[22m[2m)[22m[90m 4[2mms[22m[39m
 [32mÔ£ô[39m src/lib/domain/risk/position-sizing-engine.test.ts [2m([22m[2m8 tests[22m[2m)[22m[90m 6[2mms[22m[39m
 [32mÔ£ô[39m src/lib/domain/risk/risk-engine.test.ts [2m([22m[2m7 tests[22m[2m)[22m[90m 4[2mms[22m[39m
 [32mÔ£ô[39m src/lib/domain/risk/discipline-engine.test.ts [2m([22m[2m6 tests[22m[2m)[22m[90m 5[2mms[22m[39m
 [31mÔØ»[39m src/lib/domain/risk/risk-adapters.test.ts [2m([22m[2m3 tests[22m[2m | [22m[31m1 failed[39m[2m)[22m[90m 9[2mms[22m[39m
[31m   [31m├ù[31m Risk Adapters[2m > [22mdeve adaptar GrowthPhase[90m 6[2mms[22m[31m[39m
[31m     ÔåÆ expected +0 to be 40 // Object.is equality[39m
 [31mÔØ»[39m src/lib/domain/risk/growth-engine.test.ts [2m([22m[2m8 tests[22m[2m | [22m[31m8 failed[39m[2m)[22m[90m 13[2mms[22m[39m
[31m   [31m├ù[31m Domain: Growth Engine - Metricas Isoladas[2m > [22mdeve calcular win rate em percentual corretamente[90m 5[2mms[22m[31m[39m
[31m     ÔåÆ calculateWinRate is not a function[39m
[31m   [31m├ù[31m Domain: Growth Engine - Metricas Isoladas[2m > [22mdeve calcular profit factor corretamente[90m 0[2mms[22m[31m[39m
[31m     ÔåÆ calculateProfitFactor is not a function[39m
[31m   [31m├ù[31m Domain: Growth Engine - Metricas Isoladas[2m > [22mdeve calcular expectancyR precisamente[90m 0[2mms[22m[31m[39m
[31m     ÔåÆ calculateExpectancyR is not a function[39m
[31m   [31m├ù[31m Domain: Growth Engine - Metricas Isoladas[2m > [22mdeve calcular drawdown percent corretamente com sequ├¬ncia de pico e queda[90m 0[2mms[22m[31m[39m
[31m     ÔåÆ calculateDrawdownPercent is not a function[39m
[31m   [31m├ù[31m Domain: Growth Engine - evaluateGrowthPhase[2m > [22mdeve autorizar canPromote = true quando todos os crit├®rios superam a baseline[90m 3[2mms[22m[31m[39m
[31m     ÔåÆ expected false to be true // Object.is equality[39m
[31m   [31m├ù[31m Domain: Growth Engine - evaluateGrowthPhase[2m > [22mdeve detectar shouldRegress = true e quebrar promotion quando drawdown estoura[90m 1[2mms[22m[31m[39m
[31m     ÔåÆ expected false to be true // Object.is equality[39m
[31m   [31m├ù[31m Domain: Growth Engine - evaluateGrowthPhase[2m > [22mdeve detectar shouldRegress = true e quebrar promotion quando expectancyR fica negativa independentemente da quantidade de trades[90m 1[2mms[22m[31m[39m
[31m     ÔåÆ expected false to be true // Object.is equality[39m
[31m   [31m├ù[31m Domain: Growth Engine - evaluateGrowthPhase[2m > [22mn├úo deve promover quando faltar apenas 1 crit├®rio, mesmo com todos os outros perfeitos[90m 1[2mms[22m[31m[39m
[31m     ÔåÆ Cannot read properties of undefined (reading 'find')[39m
 [32mÔ£ô[39m src/lib/domain/risk/risk-cockpit.test.ts [2m([22m[2m2 tests[22m[2m)[22m[90m 4[2mms[22m[39m
 [31mÔØ»[39m src/lib/domain/risk/desk-validation-engine.test.ts [2m([22m[2m26 tests[22m[2m | [22m[31m16 failed[39m[2m)[22m[90m 24[2mms[22m[39m
[31m   [31m├ù[31m DeskValidationEngine[2m > [22mScenario B: Ativo n├úo permitido -> allowed = false, reason preenchido[90m 7[2mms[22m[31m[39m
[31m     ÔåÆ expected [ 'invalid_asset' ] to include 'desk.reasons.invalid_asset'[39m
[31m   [31m├ù[31m DeskValidationEngine[2m > [22mScenario C: Regra combinada excede limite (ex: 30) -> allowed = false[90m 2[2mms[22m[31m[39m
[31m     ÔåÆ expected 'max_exposure' to contain 'desk.reasons.max_exposure'[39m
[31m   [31m├ù[31m DeskValidationEngine[2m > [22mScenario E: Regra de hor├írio sem contexto suficiente -> retorna warning[90m 1[2mms[22m[31m[39m
[31m     ÔåÆ expected [ 'time_constraint' ] to include 'desk.warnings.time_constraint'[39m
[31m   [31m├ù[31m DeskValidationEngine[2m > [22mScenario F: Day trade only sem contexto suficiente -> retorna warning[90m 1[2mms[22m[31m[39m
[31m     ÔåÆ expected [ 'day_trade_only' ] to include 'desk.warnings.day_trade_only'[39m
[31m   [31m├ù[31m DeskValidationEngine[2m > [22mScenario G: Day trade only violation -> blocks operation[90m 1[2mms[22m[31m[39m
[31m     ÔåÆ expected [ 'day_trade_only_violation' ] to include 'desk.reasons.day_trade_only'[39m
[31m   [31m├ù[31m DeskAuditEngine (Historical Prop Firm Validation)[2m > [22mScenario D: Insufficient history -> pending[90m 1[2mms[22m[31m[39m
[31m     ÔåÆ expected 'consistency_pending' to contain 'desk.reasons.consistency_pending'[39m
[31m   [31m├ù[31m DeskAuditEngine (Historical Prop Firm Validation)[2m > [22mScenario E: 50% Rule Violated (best day > limit) -> failed[90m 1[2mms[22m[31m[39m
[31m     ÔåÆ expected 'max_share_50' to contain 'desk.reasons.max_share_50'[39m
[31m   [31m├ù[31m DeskAuditEngine (Historical Prop Firm Validation)[2m > [22mScenario G: Min Trading Days Validation -> pending / passed[90m 1[2mms[22m[31m[39m
[31m     ÔåÆ expected 'min_operated_days' to contain 'desk.reasons.min_operated_days'[39m
[31m   [31m├ù[31m DeskAuditEngine (Etapa 9 - Stage Overrides)[2m > [22mScenario A: margin_building -> ignores 50% rule and consistency[90m 1[2mms[22m[31m[39m
[31m     ÔåÆ expected 'min_operated_days' to contain 'desk.reasons.min_operated_days'[39m
[31m   [31m├ù[31m DeskAuditEngine (Etapa 9 - Stage Overrides)[2m > [22mScenario B: real_phase_1 -> applies 50% rule and consistency[90m 1[2mms[22m[31m[39m
[31m     ÔåÆ expected 'max_share_50' to contain 'desk.reasons.max_share_50'[39m
[31m   [31m├ù[31m DeskAuditEngine (Etapa 9 - Stage Overrides)[2m > [22mScenario D: stage changes override behaviors correctly[90m 1[2mms[22m[31m[39m
[31m     ÔåÆ expected 'consistency_pending' to contain 'desk.reasons.consistency_pending'[39m
[31m   [31m├ù[31m evaluateDeskStageProgression[2m > [22mCENARIO A: margin_building missing minimum days -> cannot advance[90m 1[2mms[22m[31m[39m
[31m     ÔåÆ expected [ 'progression_pending_days' ] to include 'desk.progression.reasons.pending_days'[39m
[31m   [31m├ù[31m evaluateDeskStageProgression[2m > [22mCENARIO D: real_final has no next stage -> remain only[90m 1[2mms[22m[31m[39m
[31m     ÔåÆ expected [ 'max_stage_reached' ] to include 'desk.progression.reasons.max_stage_reÔÇª'[39m
[31m   [31m├ù[31m generateDeskProgressFeedback[2m > [22mFalta de dias m├¡nimos e lucro - Gera m├║ltiplos feedbacks[90m 1[2mms[22m[31m[39m
[31m     ÔåÆ expected [ 'feedback_missing_days', ÔÇª(1) ] to include 'desk.feedback.missing_days'[39m
[31m   [31m├ù[31m generateDeskProgressFeedback[2m > [22mAviso da Regra dos 50% atingindo o warning, mas n├úo estourando[90m 0[2mms[22m[31m[39m
[31m     ÔåÆ expected [ 'feedback_warning_50_percent' ] to include 'desk.feedback.warning_50_percent'[39m
[31m   [31m├ù[31m generateDeskProgressFeedback[2m > [22mViola├º├úo expl├¡cita da Regra dos 50% gera block[90m 0[2mms[22m[31m[39m
[31m     ÔåÆ expected [ 'feedback_failed_50_percent' ] to include 'desk.feedback.failed_50_percent'[39m
 [32mÔ£ô[39m src/lib/stores/accounts.test.ts [2m([22m[2m5 tests[22m[2m)[22m[90m 12[2mms[22m[39m
 [32mÔ£ô[39m src/lib/stores/asset-types.test.ts [2m([22m[2m6 tests[22m[2m)[22m[90m 13[2mms[22m[39m
 [32mÔ£ô[39m src/lib/stores/risk-settings.test.ts [2m([22m[2m6 tests[22m[2m)[22m[90m 15[2mms[22m[39m
[90mstdout[2m | src/lib/stores/trades.test.ts
[22m[39m[SettingsStore] Starting prioritized loadData...
[SettingsStore] Loading Batch 1 (Instant Shell)...
[SettingsStore] Batch 1 complete. Unblocking UI...
[SettingsStore] UI Shell unblocked in 13ms.
[SettingsStore] Background: Loading Trades & Core Domain...

node.exe : [90mstderr[2m | src/lib/stores/trades.test.ts
No linha:1 caractere:1
+ & "C:\Users\Farrofa DeBacon\scoop\apps\nodejs-lts\current/node.exe" " ...
+ ~~~~~~~~~~~~~~~~~~~~~~~~~~~~~~~~~~~~~~~~~~~~~~~~~~~~~~~~~~~~~~~~~~~~~
    + CategoryInfo          : NotSpecified: ([90mstderr[2m.../trades.test.ts:String) [], RemoteException
    + FullyQualifiedErrorId : NativeCommandError
 
[22m[39m[UserProfileStore] Error loading user profile data: TypeError: Cannot read properties of undefined (reading 'catch')
    at UserProfileStore.loadData [90m(C:\PROJETOS\TraderLogPro\[39msrc\lib\stores\user-profile.svelte.ts:153:73[90m)[39m
    at AppFacadeStore.loadData [90m(C:\PROJETOS\TraderLogPro\[39msrc\lib\stores\app.svelte.ts:64:34[90m)[39m
    at new AppFacadeStore [90m(C:\PROJETOS\TraderLogPro\[39msrc\lib\stores\app.svelte.ts:38:18[90m)[39m
    at [90mC:\PROJETOS\TraderLogPro\[39msrc\lib\stores\app.svelte.ts:204:14
[90m    at processTicksAndRejections (node:internal/process/task_queues:103:5)[39m
    at VitestExecutor.runModule [90m(file:///C:/PROJETOS/TraderLogPro/[39mnode_modules/[4m.pnpm[24m/vite-node@2.1.9_@types+node@
25.5.0_lightningcss@1.30.2/node_modules/[4mvite-node[24m/dist/client.mjs:399:5[90m)[39m
    at VitestExecutor.directRequest [90m(file:///C:/PROJETOS/TraderLogPro/[39mnode_modules/[4m.pnpm[24m/vite-node@2.1.9_@types+n
ode@25.5.0_lightningcss@1.30.2/node_modules/[4mvite-node[24m/dist/client.mjs:381:5[90m)[39m
    at VitestExecutor.cachedRequest [90m(file:///C:/PROJETOS/TraderLogPro/[39mnode_modules/[4m.pnpm[24m/vite-node@2.1.9_@types+n
ode@25.5.0_lightningcss@1.30.2/node_modules/[4mvite-node[24m/dist/client.mjs:206:14[90m)[39m
    at VitestExecutor.dependencyRequest [90m(file:///C:/PROJETOS/TraderLogPro/[39mnode_modules/[4m.pnpm[24m/vite-node@2.1.9_@typ
es+node@25.5.0_lightningcss@1.30.2/node_modules/[4mvite-node[24m/dist/client.mjs:259:12[90m)[39m
    at [90mC:\PROJETOS\TraderLogPro\[39msrc\lib\stores\trades.svelte.ts:6:31
[SettingsStore] ERROR/TIMEOUT loading Accounts: Error: [vitest] No "invokeWithTimeout" export is defined on the "$lib/utils" mock. 
Did you forget to return it from "vi.mock"?
If you need to partially mock a module, you can use "importOriginal" helper inside:

    at VitestMocker.createError [90m(file:///C:/PROJETOS/TraderLogPro/[39mnode_modules/[4m.pnpm[24m/vitest@2.1.9_@types+node@25_
3888e506dea9d8df58e88f585ea48546/node_modules/[4mvitest[24m/dist/chunks/execute.2pr0rHgK.js:321:19[90m)[39m
    at Object.get [90m(file:///C:/PROJETOS/TraderLogPro/[39mnode_modules/[4m.pnpm[24m/vitest@2.1.9_@types+node@25_3888e506dea9d8
df58e88f585ea48546/node_modules/[4mvitest[24m/dist/chunks/execute.2pr0rHgK.js:389:22[90m)[39m
    at safeInvoke [90m(C:\PROJETOS\TraderLogPro\[39msrc\lib\stores\app.svelte.ts:54:34[90m)[39m
    at AppFacadeStore.loadData [90m(C:\PROJETOS\TraderLogPro\[39msrc\lib\stores\app.svelte.ts:65:17[90m)[39m
    at new AppFacadeStore [90m(C:\PROJETOS\TraderLogPro\[39msrc\lib\stores\app.svelte.ts:38:18[90m)[39m
    at [90mC:\PROJETOS\TraderLogPro\[39msrc\lib\stores\app.svelte.ts:204:14
[90m    at processTicksAndRejections (node:internal/process/task_queues:103:5)[39m
    at VitestExecutor.runModule [90m(file:///C:/PROJETOS/TraderLogPro/[39mnode_modules/[4m.pnpm[24m/vite-node@2.1.9_@types+node@
25.5.0_lightningcss@1.30.2/node_modules/[4mvite-node[24m/dist/client.mjs:399:5[90m)[39m
    at VitestExecutor.directRequest [90m(file:///C:/PROJETOS/TraderLogPro/[39mnode_modules/[4m.pnpm[24m/vite-node@2.1.9_@types+n
ode@25.5.0_lightningcss@1.30.2/node_modules/[4mvite-node[24m/dist/client.mjs:381:5[90m)[39m
    at VitestExecutor.cachedRequest [90m(file:///C:/PROJETOS/TraderLogPro/[39mnode_modules/[4m.pnpm[24m/vite-node@2.1.9_@types+n
ode@25.5.0_lightningcss@1.30.2/node_modules/[4mvite-node[24m/dist/client.mjs:206:14[90m)[39m {
  codeFrame: [32m'vi\x1B[33m.\x1B[39m\x1B[34mmock\x1B[39m(\x1B[35mimport\x1B[39m(\x1B[32m"$lib/utils"\x1B[39m)\x1B[33m,\x1B[39m 
\x1B[35masync\x1B[39m (importOriginal) \x1B[33m=>\x1B[39m {\n'[39m +
    [32m'  \x1B[35mconst\x1B[39m actual \x1B[33m=\x1B[39m \x1B[35mawait\x1B[39m \x1B[34mimportOriginal\x1B[39m()\n'[39m +
    [32m'  \x1B[35mreturn\x1B[39m {\n'[39m +
    [32m'    \x1B[33m...\x1B[39mactual\x1B[33m,\x1B[39m\n'[39m +
    [32m'    \x1B[90m// your mocked methods\x1B[39m\n'[39m +
    [32m'  }\n'[39m +
    [32m'})'[39m
}

[90mstdout[2m | src/lib/stores/riskStore.test.ts
[22m[39m[SettingsStore] Starting prioritized loadData...
[SettingsStore] Loading Batch 1 (Instant Shell)...
[SettingsStore] Batch 1 complete. Unblocking UI...
[SettingsStore] UI Shell unblocked in 9ms.
[SettingsStore] Background: Loading Trades & Core Domain...

[90mstderr[2m | src/lib/stores/riskStore.test.ts
[22m[39m[UserProfileStore] Error loading user profile data: TypeError: Cannot read properties of undefined (reading 'catch')
    at UserProfileStore.loadData [90m(C:\PROJETOS\TraderLogPro\[39msrc\lib\stores\user-profile.svelte.ts:153:73[90m)[39m
    at AppFacadeStore.loadData [90m(C:\PROJETOS\TraderLogPro\[39msrc\lib\stores\app.svelte.ts:64:34[90m)[39m
    at new AppFacadeStore [90m(C:\PROJETOS\TraderLogPro\[39msrc\lib\stores\app.svelte.ts:38:18[90m)[39m
    at [90mC:\PROJETOS\TraderLogPro\[39msrc\lib\stores\app.svelte.ts:204:14
[90m    at processTicksAndRejections (node:internal/process/task_queues:103:5)[39m
    at VitestExecutor.runModule [90m(file:///C:/PROJETOS/TraderLogPro/[39mnode_modules/[4m.pnpm[24m/vite-node@2.1.9_@types+node@
25.5.0_lightningcss@1.30.2/node_modules/[4mvite-node[24m/dist/client.mjs:399:5[90m)[39m
    at VitestExecutor.directRequest [90m(file:///C:/PROJETOS/TraderLogPro/[39mnode_modules/[4m.pnpm[24m/vite-node@2.1.9_@types+n
ode@25.5.0_lightningcss@1.30.2/node_modules/[4mvite-node[24m/dist/client.mjs:381:5[90m)[39m
    at VitestExecutor.cachedRequest [90m(file:///C:/PROJETOS/TraderLogPro/[39mnode_modules/[4m.pnpm[24m/vite-node@2.1.9_@types+n
ode@25.5.0_lightningcss@1.30.2/node_modules/[4mvite-node[24m/dist/client.mjs:206:14[90m)[39m
    at VitestExecutor.dependencyRequest [90m(file:///C:/PROJETOS/TraderLogPro/[39mnode_modules/[4m.pnpm[24m/vite-node@2.1.9_@typ
es+node@25.5.0_lightningcss@1.30.2/node_modules/[4mvite-node[24m/dist/client.mjs:259:12[90m)[39m
    at [90mC:\PROJETOS\TraderLogPro\[39msrc\lib\stores\riskStore.svelte.ts:5:31
[TradesStore] Error loading trades: TypeError: Cannot read properties of undefined (reading 'map')
    at TradesStore.processTrades [90m(C:\PROJETOS\TraderLogPro\[39msrc\lib\stores\trades.svelte.ts:44:26[90m)[39m
    at TradesStore.loadTrades [90m(C:\PROJETOS\TraderLogPro\[39msrc\lib\stores\trades.svelte.ts:20:36[90m)[39m
[90m    at processTicksAndRejections (node:internal/process/task_queues:103:5)[39m
    at async Promise.all (index 0)
    at Module.track_reactivity_loss [90m(C:\PROJETOS\TraderLogPro\[39mnode_modules\[4m.pnpm[24m\svelte@5.49.0\node_modules\[4ms
velte[24m\src\internal\client\reactivity\async.js:153:14[90m)[39m
    at loadRemainingData [90m(C:\PROJETOS\TraderLogPro\[39msrc\lib\stores\app.svelte.ts:115:10[90m)[39m

[90mstdout[2m | src/lib/stores/trades.test.ts[2m > [22m[2mTradesStore Unit Tests[2m > [22m[2mshould calculate daily results correctly for a specific account
[22m[39m[TradesStore] getDailyResultByAccount for date: 2024-03-02 (normalized: 2024-03-02)

 [31mÔØ»[39m src/lib/stores/trades.test.ts [2m([22m[2m6 tests[22m[2m | [22m[31m1 failed[39m[2m)[22m[90m 15[2mms[22m[39m
[31m   [31m├ù[31m TradesStore Unit Tests[2m > [22mshould count closed trades for a specific date[90m 7[2mms[22m[31m[39m
[31m     ÔåÆ expected 3 to be 2 // Object.is equality[39m
[90mstderr[2m | src/lib/stores/riskStore.test.ts
[22m[39m[SettingsStore] ERROR/TIMEOUT loading Risk Profiles: TypeError: Cannot read properties of undefined (reading 'invoke')
    at invoke [90m(file:///C:/PROJETOS/TraderLogPro/[39mnode_modules/[4m.pnpm[24m/@tauri-apps+api@2.10.1/node_modules/[4m@tauri
-apps/api[24m/core.js:202:39[90m)[39m
    at Module.invokeWithTimeout [90m(C:\PROJETOS\TraderLogPro\[39msrc\lib\utils.ts:170:9[90m)[39m
[90m    at processTicksAndRejections (node:internal/process/task_queues:103:5)[39m
    at Module.track_reactivity_loss [90m(C:\PROJETOS\TraderLogPro\[39mnode_modules\[4m.pnpm[24m\svelte@5.49.0\node_modules\[4ms
velte[24m\src\internal\client\reactivity\async.js:153:14[90m)[39m
    at safeInvoke [90m(C:\PROJETOS\TraderLogPro\[39msrc\lib\stores\app.svelte.ts:78:14[90m)[39m
    at async Promise.all (index 2)
    at Module.track_reactivity_loss [90m(C:\PROJETOS\TraderLogPro\[39mnode_modules\[4m.pnpm[24m\svelte@5.49.0\node_modules\[4ms
velte[24m\src\internal\client\reactivity\async.js:153:14[90m)[39m
    at loadRemainingData [90m(C:\PROJETOS\TraderLogPro\[39msrc\lib\stores\app.svelte.ts:115:10[90m)[39m
[SettingsStore] ERROR/TIMEOUT loading Asset Risk Profiles: TypeError: Cannot read properties of undefined (reading 'invoke')
    at invoke [90m(file:///C:/PROJETOS/TraderLogPro/[39mnode_modules/[4m.pnpm[24m/@tauri-apps+api@2.10.1/node_modules/[4m@tauri
-apps/api[24m/core.js:202:39[90m)[39m
    at Module.invokeWithTimeout [90m(C:\PROJETOS\TraderLogPro\[39msrc\lib\utils.ts:170:9[90m)[39m
[90m    at processTicksAndRejections (node:internal/process/task_queues:103:5)[39m
    at Module.track_reactivity_loss [90m(C:\PROJETOS\TraderLogPro\[39mnode_modules\[4m.pnpm[24m\svelte@5.49.0\node_modules\[4ms
velte[24m\src\internal\client\reactivity\async.js:153:14[90m)[39m
    at safeInvoke [90m(C:\PROJETOS\TraderLogPro\[39msrc\lib\stores\app.svelte.ts:78:14[90m)[39m
    at async Promise.all (index 4)
    at Module.track_reactivity_loss [90m(C:\PROJETOS\TraderLogPro\[39mnode_modules\[4m.pnpm[24m\svelte@5.49.0\node_modules\[4ms
velte[24m\src\internal\client\reactivity\async.js:153:14[90m)[39m
    at loadRemainingData [90m(C:\PROJETOS\TraderLogPro\[39msrc\lib\stores\app.svelte.ts:115:10[90m)[39m
[SettingsStore] ERROR/TIMEOUT loading Growth Plans: TypeError: Cannot read properties of undefined (reading 'invoke')
    at invoke [90m(file:///C:/PROJETOS/TraderLogPro/[39mnode_modules/[4m.pnpm[24m/@tauri-apps+api@2.10.1/node_modules/[4m@tauri
-apps/api[24m/core.js:202:39[90m)[39m
    at Module.invokeWithTimeout [90m(C:\PROJETOS\TraderLogPro\[39msrc\lib\utils.ts:170:9[90m)[39m
[90m    at processTicksAndRejections (node:internal/process/task_queues:103:5)[39m
    at Module.track_reactivity_loss [90m(C:\PROJETOS\TraderLogPro\[39mnode_modules\[4m.pnpm[24m\svelte@5.49.0\node_modules\[4ms
velte[24m\src\internal\client\reactivity\async.js:153:14[90m)[39m
    at safeInvoke [90m(C:\PROJETOS\TraderLogPro\[39msrc\lib\stores\app.svelte.ts:78:14[90m)[39m
    at async Promise.all (index 5)
    at Module.track_reactivity_loss [90m(C:\PROJETOS\TraderLogPro\[39mnode_modules\[4m.pnpm[24m\svelte@5.49.0\node_modules\[4ms
velte[24m\src\internal\client\reactivity\async.js:153:14[90m)[39m
    at loadRemainingData [90m(C:\PROJETOS\TraderLogPro\[39msrc\lib\stores\app.svelte.ts:115:10[90m)[39m
[WorkspaceStore] ERROR loading data: TypeError: Cannot read properties of undefined (reading 'catch')
    at WorkspaceStore.loadData [90m(C:\PROJETOS\TraderLogPro\[39msrc\lib\stores\workspace.svelte.ts:16:40[90m)[39m
    at loadRemainingData [90m(C:\PROJETOS\TraderLogPro\[39msrc\lib\stores\app.svelte.ts:128:36[90m)[39m
[90m    at processTicksAndRejections (node:internal/process/task_queues:103:5)[39m
[IntegrationsStore] ERROR loading integrations data: TypeError: Cannot read properties of undefined (reading 'catch')
    at IntegrationsStore.loadData [90m(C:\PROJETOS\TraderLogPro\[39msrc\lib\stores\integrations.svelte.ts:20:78[90m)[39m
    at loadRemainingData [90m(C:\PROJETOS\TraderLogPro\[39msrc\lib\stores\app.svelte.ts:129:39[90m)[39m
[90m    at processTicksAndRejections (node:internal/process/task_queues:103:5)[39m
[SettingsStore] ERROR/TIMEOUT loading Asset Types: TypeError: Cannot read properties of undefined (reading 'invoke')
    at invoke [90m(file:///C:/PROJETOS/TraderLogPro/[39mnode_modules/[4m.pnpm[24m/@tauri-apps+api@2.10.1/node_modules/[4m@tauri
-apps/api[24m/core.js:202:39[90m)[39m
    at Module.invokeWithTimeout [90m(C:\PROJETOS\TraderLogPro\[39msrc\lib\utils.ts:170:9[90m)[39m
[90m    at processTicksAndRejections (node:internal/process/task_queues:103:5)[39m
    at Module.track_reactivity_loss [90m(C:\PROJETOS\TraderLogPro\[39mnode_modules\[4m.pnpm[24m\svelte@5.49.0\node_modules\[4ms
velte[24m\src\internal\client\reactivity\async.js:153:14[90m)[39m
    at safeInvoke [90m(C:\PROJETOS\TraderLogPro\[39msrc\lib\stores\app.svelte.ts:78:14[90m)[39m
    at async Promise.all (index 1)
    at Module.track_reactivity_loss [90m(C:\PROJETOS\TraderLogPro\[39mnode_modules\[4m.pnpm[24m\svelte@5.49.0\node_modules\[4ms
velte[24m\src\internal\client\reactivity\async.js:153:14[90m)[39m
    at loadRemainingData [90m(C:\PROJETOS\TraderLogPro\[39msrc\lib\stores\app.svelte.ts:145:10[90m)[39m
[SettingsStore] ERROR/TIMEOUT loading Modalities: TypeError: Cannot read properties of undefined (reading 'invoke')
    at invoke [90m(file:///C:/PROJETOS/TraderLogPro/[39mnode_modules/[4m.pnpm[24m/@tauri-apps+api@2.10.1/node_modules/[4m@tauri
-apps/api[24m/core.js:202:39[90m)[39m
    at Module.invokeWithTimeout [90m(C:\PROJETOS\TraderLogPro\[39msrc\lib\utils.ts:170:9[90m)[39m
[90m    at processTicksAndRejections (node:internal/process/task_queues:103:5)[39m
    at Module.track_reactivity_loss [90m(C:\PROJETOS\TraderLogPro\[39mnode_modules\[4m.pnpm[24m\svelte@5.49.0\node_modules\[4ms
velte[24m\src\internal\client\reactivity\async.js:153:14[90m)[39m
    at safeInvoke [90m(C:\PROJETOS\TraderLogPro\[39msrc\lib\stores\app.svelte.ts:78:14[90m)[39m
    at async Promise.all (index 2)
    at Module.track_reactivity_loss [90m(C:\PROJETOS\TraderLogPro\[39mnode_modules\[4m.pnpm[24m\svelte@5.49.0\node_modules\[4ms
velte[24m\src\internal\client\reactivity\async.js:153:14[90m)[39m
    at loadRemainingData [90m(C:\PROJETOS\TraderLogPro\[39msrc\lib\stores\app.svelte.ts:145:10[90m)[39m
[SettingsStore] ERROR/TIMEOUT loading Indicators: TypeError: Cannot read properties of undefined (reading 'invoke')
    at invoke [90m(file:///C:/PROJETOS/TraderLogPro/[39mnode_modules/[4m.pnpm[24m/@tauri-apps+api@2.10.1/node_modules/[4m@tauri
-apps/api[24m/core.js:202:39[90m)[39m
    at Module.invokeWithTimeout [90m(C:\PROJETOS\TraderLogPro\[39msrc\lib\utils.ts:170:9[90m)[39m
[90m    at processTicksAndRejections (node:internal/process/task_queues:103:5)[39m
    at Module.track_reactivity_loss [90m(C:\PROJETOS\TraderLogPro\[39mnode_modules\[4m.pnpm[24m\svelte@5.49.0\node_modules\[4ms
velte[24m\src\internal\client\reactivity\async.js:153:14[90m)[39m
    at safeInvoke [90m(C:\PROJETOS\TraderLogPro\[39msrc\lib\stores\app.svelte.ts:78:14[90m)[39m
    at async Promise.all (index 3)
    at Module.track_reactivity_loss [90m(C:\PROJETOS\TraderLogPro\[39mnode_modules\[4m.pnpm[24m\svelte@5.49.0\node_modules\[4ms
velte[24m\src\internal\client\reactivity\async.js:153:14[90m)[39m
    at loadRemainingData [90m(C:\PROJETOS\TraderLogPro\[39msrc\lib\stores\app.svelte.ts:145:10[90m)[39m
[90mstdout[2m | src/lib/stores/riskStore.test.ts
[22m[39m[SettingsStore] Background: Loading Secondary modules...
[WorkspaceStore] Loading data...
[IntegrationsStore] Loading data...
[SettingsStore] Hydra pipeline complete. Total load time: 23ms.

[90mstdout[2m | src/lib/stores/app.test.ts
[22m[39m[SettingsStore] Starting prioritized loadData...
[SettingsStore] Loading Batch 1 (Instant Shell)...
[SettingsStore] Batch 1 complete. Unblocking UI...
[SettingsStore] UI Shell unblocked in 15ms.
[SettingsStore] Background: Loading Trades & Core Domain...

[SettingsStore] ERROR/TIMEOUT loading Timeframes: TypeError: Cannot read properties of undefined (reading 'invoke')
    at invoke [90m(file:///C:/PROJETOS/TraderLogPro/[39mnode_modules/[4m.pnpm[24m/@tauri-apps+api@2.10.1/node_modules/[4m@tauri
-apps/api[24m/core.js:202:39[90m)[39m
    at Module.invokeWithTimeout [90m(C:\PROJETOS\TraderLogPro\[39msrc\lib\utils.ts:170:9[90m)[39m
[90m    at processTicksAndRejections (node:internal/process/task_queues:103:5)[39m
    at Module.track_reactivity_loss [90m(C:\PROJETOS\TraderLogPro\[39mnode_modules\[4m.pnpm[24m\svelte@5.49.0\node_modules\[4ms
velte[24m\src\internal\client\reactivity\async.js:153:14[90m)[39m
    at safeInvoke [90m(C:\PROJETOS\TraderLogPro\[39msrc\lib\stores\app.svelte.ts:78:14[90m)[39m
    at async Promise.all (index 4)
    at Module.track_reactivity_loss [90m(C:\PROJETOS\TraderLogPro\[39mnode_modules\[4m.pnpm[24m\svelte@5.49.0\node_modules\[4ms
velte[24m\src\internal\client\reactivity\async.js:153:14[90m)[39m
    at loadRemainingData [90m(C:\PROJETOS\TraderLogPro\[39msrc\lib\stores\app.svelte.ts:145:10[90m)[39m
[SettingsStore] ERROR/TIMEOUT loading Chart Types: TypeError: Cannot read properties of undefined (reading 'invoke')
    at invoke [90m(file:///C:/PROJETOS/TraderLogPro/[39mnode_modules/[4m.pnpm[24m/@tauri-apps+api@2.10.1/node_modules/[4m@tauri
-apps/api[24m/core.js:202:39[90m)[39m
    at Module.invokeWithTimeout [90m(C:\PROJETOS\TraderLogPro\[39msrc\lib\utils.ts:170:9[90m)[39m
[90m    at processTicksAndRejections (node:internal/process/task_queues:103:5)[39m
    at Module.track_reactivity_loss [90m(C:\PROJETOS\TraderLogPro\[39mnode_modules\[4m.pnpm[24m\svelte@5.49.0\node_modules\[4ms
velte[24m\src\internal\client\reactivity\async.js:153:14[90m)[39m
    at safeInvoke [90m(C:\PROJETOS\TraderLogPro\[39msrc\lib\stores\app.svelte.ts:78:14[90m)[39m
    at async Promise.all (index 5)
    at Module.track_reactivity_loss [90m(C:\PROJETOS\TraderLogPro\[39mnode_modules\[4m.pnpm[24m\svelte@5.49.0\node_modules\[4ms
velte[24m\src\internal\client\reactivity\async.js:153:14[90m)[39m
    at loadRemainingData [90m(C:\PROJETOS\TraderLogPro\[39msrc\lib\stores\app.svelte.ts:145:10[90m)[39m

[90mstderr[2m | src/lib/stores/app.test.ts
[22m[39m[UserProfileStore] Error loading user profile data: TypeError: Cannot read properties of undefined (reading 'catch')
    at UserProfileStore.loadData [90m(C:\PROJETOS\TraderLogPro\[39msrc\lib\stores\user-profile.svelte.ts:153:73[90m)[39m
    at AppFacadeStore.loadData [90m(C:\PROJETOS\TraderLogPro\[39msrc\lib\stores\app.svelte.ts:64:34[90m)[39m
    at new AppFacadeStore [90m(C:\PROJETOS\TraderLogPro\[39msrc\lib\stores\app.svelte.ts:38:18[90m)[39m
    at [90mC:\PROJETOS\TraderLogPro\[39msrc\lib\stores\app.svelte.ts:204:14
[90m    at processTicksAndRejections (node:internal/process/task_queues:103:5)[39m
    at VitestExecutor.runModule [90m(file:///C:/PROJETOS/TraderLogPro/[39mnode_modules/[4m.pnpm[24m/vite-node@2.1.9_@types+node@
25.5.0_lightningcss@1.30.2/node_modules/[4mvite-node[24m/dist/client.mjs:399:5[90m)[39m
    at VitestExecutor.directRequest [90m(file:///C:/PROJETOS/TraderLogPro/[39mnode_modules/[4m.pnpm[24m/vite-node@2.1.9_@types+n
ode@25.5.0_lightningcss@1.30.2/node_modules/[4mvite-node[24m/dist/client.mjs:381:5[90m)[39m
    at VitestExecutor.cachedRequest [90m(file:///C:/PROJETOS/TraderLogPro/[39mnode_modules/[4m.pnpm[24m/vite-node@2.1.9_@types+n
ode@25.5.0_lightningcss@1.30.2/node_modules/[4mvite-node[24m/dist/client.mjs:206:14[90m)[39m
    at VitestExecutor.dependencyRequest [90m(file:///C:/PROJETOS/TraderLogPro/[39mnode_modules/[4m.pnpm[24m/vite-node@2.1.9_@typ
es+node@25.5.0_lightningcss@1.30.2/node_modules/[4mvite-node[24m/dist/client.mjs:259:12[90m)[39m
    at [90mC:\PROJETOS\TraderLogPro\[39msrc\lib\stores\app.test.ts:13:25
[TradesStore] Error loading trades: TypeError: Cannot read properties of undefined (reading 'map')
    at TradesStore.processTrades [90m(C:\PROJETOS\TraderLogPro\[39msrc\lib\stores\trades.svelte.ts:44:26[90m)[39m
    at TradesStore.loadTrades [90m(C:\PROJETOS\TraderLogPro\[39msrc\lib\stores\trades.svelte.ts:20:36[90m)[39m
[90m    at processTicksAndRejections (node:internal/process/task_queues:103:5)[39m
    at async Promise.all (index 0)
    at Module.track_reactivity_loss [90m(C:\PROJETOS\TraderLogPro\[39mnode_modules\[4m.pnpm[24m\svelte@5.49.0\node_modules\[4ms
velte[24m\src\internal\client\reactivity\async.js:153:14[90m)[39m
    at loadRemainingData [90m(C:\PROJETOS\TraderLogPro\[39msrc\lib\stores\app.svelte.ts:115:10[90m)[39m

[90mstderr[2m | src/lib/stores/app.test.ts
[22m[39m[SettingsStore] ERROR/TIMEOUT loading Risk Profiles: TypeError: Cannot read properties of undefined (reading 'invoke')
    at invoke [90m(file:///C:/PROJETOS/TraderLogPro/[39mnode_modules/[4m.pnpm[24m/@tauri-apps+api@2.10.1/node_modules/[4m@tauri
-apps/api[24m/core.js:202:39[90m)[39m
    at Module.invokeWithTimeout [90m(C:\PROJETOS\TraderLogPro\[39msrc\lib\utils.ts:170:9[90m)[39m
[90m    at processTicksAndRejections (node:internal/process/task_queues:103:5)[39m
    at Module.track_reactivity_loss [90m(C:\PROJETOS\TraderLogPro\[39mnode_modules\[4m.pnpm[24m\svelte@5.49.0\node_modules\[4ms
velte[24m\src\internal\client\reactivity\async.js:153:14[90m)[39m
    at safeInvoke [90m(C:\PROJETOS\TraderLogPro\[39msrc\lib\stores\app.svelte.ts:78:14[90m)[39m
    at async Promise.all (index 2)
    at Module.track_reactivity_loss [90m(C:\PROJETOS\TraderLogPro\[39mnode_modules\[4m.pnpm[24m\svelte@5.49.0\node_modules\[4ms
velte[24m\src\internal\client\reactivity\async.js:153:14[90m)[39m
    at loadRemainingData [90m(C:\PROJETOS\TraderLogPro\[39msrc\lib\stores\app.svelte.ts:115:10[90m)[39m
[SettingsStore] ERROR/TIMEOUT loading Asset Risk Profiles: TypeError: Cannot read properties of undefined (reading 'invoke')
    at invoke [90m(file:///C:/PROJETOS/TraderLogPro/[39mnode_modules/[4m.pnpm[24m/@tauri-apps+api@2.10.1/node_modules/[4m@tauri
-apps/api[24m/core.js:202:39[90m)[39m
    at Module.invokeWithTimeout [90m(C:\PROJETOS\TraderLogPro\[39msrc\lib\utils.ts:170:9[90m)[39m
[90m    at processTicksAndRejections (node:internal/process/task_queues:103:5)[39m
    at Module.track_reactivity_loss [90m(C:\PROJETOS\TraderLogPro\[39mnode_modules\[4m.pnpm[24m\svelte@5.49.0\node_modules\[4ms
velte[24m\src\internal\client\reactivity\async.js:153:14[90m)[39m
    at safeInvoke [90m(C:\PROJETOS\TraderLogPro\[39msrc\lib\stores\app.svelte.ts:78:14[90m)[39m
    at async Promise.all (index 4)
    at Module.track_reactivity_loss [90m(C:\PROJETOS\TraderLogPro\[39mnode_modules\[4m.pnpm[24m\svelte@5.49.0\node_modules\[4ms
velte[24m\src\internal\client\reactivity\async.js:153:14[90m)[39m
    at loadRemainingData [90m(C:\PROJETOS\TraderLogPro\[39msrc\lib\stores\app.svelte.ts:115:10[90m)[39m
[SettingsStore] ERROR/TIMEOUT loading Growth Plans: TypeError: Cannot read properties of undefined (reading 'invoke')
    at invoke [90m(file:///C:/PROJETOS/TraderLogPro/[39mnode_modules/[4m.pnpm[24m/@tauri-apps+api@2.10.1/node_modules/[4m@tauri
-apps/api[24m/core.js:202:39[90m)[39m
    at Module.invokeWithTimeout [90m(C:\PROJETOS\TraderLogPro\[39msrc\lib\utils.ts:170:9[90m)[39m
[90m    at processTicksAndRejections (node:internal/process/task_queues:103:5)[39m
    at Module.track_reactivity_loss [90m(C:\PROJETOS\TraderLogPro\[39mnode_modules\[4m.pnpm[24m\svelte@5.49.0\node_modules\[4ms
velte[24m\src\internal\client\reactivity\async.js:153:14[90m)[39m
    at safeInvoke [90m(C:\PROJETOS\TraderLogPro\[39msrc\lib\stores\app.svelte.ts:78:14[90m)[39m
    at async Promise.all (index 5)
    at Module.track_reactivity_loss [90m(C:\PROJETOS\TraderLogPro\[39mnode_modules\[4m.pnpm[24m\svelte@5.49.0\node_modules\[4ms
velte[24m\src\internal\client\reactivity\async.js:153:14[90m)[39m
    at loadRemainingData [90m(C:\PROJETOS\TraderLogPro\[39msrc\lib\stores\app.svelte.ts:115:10[90m)[39m
[WorkspaceStore] ERROR loading data: TypeError: Cannot read properties of undefined (reading 'catch')
    at WorkspaceStore.loadData [90m(C:\PROJETOS\TraderLogPro\[39msrc\lib\stores\workspace.svelte.ts:16:40[90m)[39m
    at loadRemainingData [90m(C:\PROJETOS\TraderLogPro\[39msrc\lib\stores\app.svelte.ts:128:36[90m)[39m
[90m    at processTicksAndRejections (node:internal/process/task_queues:103:5)[39m
[IntegrationsStore] ERROR loading integrations data: TypeError: Cannot read properties of undefined (reading 'catch')
    at IntegrationsStore.loadData [90m(C:\PROJETOS\TraderLogPro\[39msrc\lib\stores\integrations.svelte.ts:20:78[90m)[39m
    at loadRemainingData [90m(C:\PROJETOS\TraderLogPro\[39msrc\lib\stores\app.svelte.ts:129:39[90m)[39m
[90m    at processTicksAndRejections (node:internal/process/task_queues:103:5)[39m
[SettingsStore] ERROR/TIMEOUT loading Asset Types: TypeError: Cannot read properties of undefined (reading 'invoke')
    at invoke [90m(file:///C:/PROJETOS/TraderLogPro/[39mnode_modules/[4m.pnpm[24m/@tauri-apps+api@2.10.1/node_modules/[4m@tauri
-apps/api[24m/core.js:202:39[90m)[39m
    at Module.invokeWithTimeout [90m(C:\PROJETOS\TraderLogPro\[39msrc\lib\utils.ts:170:9[90m)[39m
[90m    at processTicksAndRejections (node:internal/process/task_queues:103:5)[39m
    at Module.track_reactivity_loss [90m(C:\PROJETOS\TraderLogPro\[39mnode_modules\[4m.pnpm[24m\svelte@5.49.0\node_modules\[4ms
velte[24m\src\internal\client\reactivity\async.js:153:14[90m)[39m
    at safeInvoke [90m(C:\PROJETOS\TraderLogPro\[39msrc\lib\stores\app.svelte.ts:78:14[90m)[39m
    at async Promise.all (index 1)
    at Module.track_reactivity_loss [90m(C:\PROJETOS\TraderLogPro\[39mnode_modules\[4m.pnpm[24m\svelte@5.49.0\node_modules\[4ms
velte[24m\src\internal\client\reactivity\async.js:153:14[90m)[39m
    at loadRemainingData [90m(C:\PROJETOS\TraderLogPro\[39msrc\lib\stores\app.svelte.ts:145:10[90m)[39m
[SettingsStore] ERROR/TIMEOUT loading Modalities: TypeError: Cannot read properties of undefined (reading 'invoke')
    at invoke [90m(file:///C:/PROJETOS/TraderLogPro/[39mnode_modules/[4m.pnpm[24m/@tauri-apps+api@2.10.1/node_modules/[4m@tauri
-apps/api[24m/core.js:202:39[90m)[39m
    at Module.invokeWithTimeout [90m(C:\PROJETOS\TraderLogPro\[39msrc\lib\utils.ts:170:9[90m)[39m
[90m    at processTicksAndRejections (node:internal/process/task_queues:103:5)[39m
    at Module.track_reactivity_loss [90m(C:\PROJETOS\TraderLogPro\[39mnode_modules\[4m.pnpm[24m\svelte@5.49.0\node_modules\[4ms
velte[24m\src\internal\client\reactivity\async.js:153:14[90m)[39m
    at safeInvoke [90m(C:\PROJETOS\TraderLogPro\[39msrc\lib\stores\app.svelte.ts:78:14[90m)[39m
    at async Promise.all (index 2)
    at Module.track_reactivity_loss [90m(C:\PROJETOS\TraderLogPro\[39mnode_modules\[4m.pnpm[24m\svelte@5.49.0\node_modules\[4ms
velte[24m\src\internal\client\reactivity\async.js:153:14[90m)[39m
    at loadRemainingData [90m(C:\PROJETOS\TraderLogPro\[39msrc\lib\stores\app.svelte.ts:145:10[90m)[39m
[SettingsStore] ERROR/TIMEOUT loading Indicators: TypeError: Cannot read properties of undefined (reading 'invoke')
    at invoke [90m(file:///C:/PROJETOS/TraderLogPro/[39mnode_modules/[4m.pnpm[24m/@tauri-apps+api@2.10.1/node_modules/[4m@tauri
-apps/api[24m/core.js:202:39[90m)[39m
    at Module.invokeWithTimeout [90m(C:\PROJETOS\TraderLogPro\[39msrc\lib\utils.ts:170:9[90m)[39m
[90m    at processTicksAndRejections (node:internal/process/task_queues:103:5)[39m
    at Module.track_reactivity_loss [90m(C:\PROJETOS\TraderLogPro\[39mnode_modules\[4m.pnpm[24m\svelte@5.49.0\node_modules\[4ms
velte[24m\src\internal\client\reactivity\async.js:153:14[90m)[39m
    at safeInvoke [90m(C:\PROJETOS\TraderLogPro\[39msrc\lib\stores\app.svelte.ts:78:14[90m)[39m
    at async Promise.all (index 3)
    at Module.track_reactivity_loss [90m(C:\PROJETOS\TraderLogPro\[39mnode_modules\[4m.pnpm[24m\svelte@5.49.0\node_modules\[4ms
velte[24m\src\internal\client\reactivity\async.js:153:14[90m)[39m
    at loadRemainingData [90m(C:\PROJETOS\TraderLogPro\[39msrc\lib\stores\app.svelte.ts:145:10[90m)[39m
[SettingsStore] ERROR/TIMEOUT loading Timeframes: TypeError: Cannot read properties of undefined (reading 'invoke')
    at invoke [90m(file:///C:/PROJETOS/TraderLogPro/[39mnode_modules/[4m.pnpm[24m/@tauri-apps+api@2.10.1/node_modules/[4m@tauri
-apps/api[24m/core.js:202:39[90m)[39m
    at Module.invokeWithTimeout [90m(C:\PROJETOS\TraderLogPro\[39msrc\lib\utils.ts:170:9[90m)[39m
[90m    at processTicksAndRejections (node:internal/process/task_queues:103:5)[39m
[90mstdout[2m | src/lib/stores/app.test.ts
[22m[39m[SettingsStore] Background: Loading Secondary modules...
[WorkspaceStore] Loading data...
[IntegrationsStore] Loading data...
[SettingsStore] Hydra pipeline complete. Total load time: 51ms.

[90mstdout[2m | src/lib/stores/app.test.ts[2m > [22m[2mSettingsStore Unit Tests[2m > [22m[2mshould auto-detect asset types and point values in ensureAssetExists
[22m[39m[AssetsStore] saveAssets: Saving 1 assets...
[AssetsStore] saveAssets: Saving 2 assets...
[AssetsStore] saveAssets: Saving 3 assets...
[AssetsStore] saveAssets complete. Success: 3, Failed: 0
[AssetsStore] saveAssets complete. Success: 3, Failed: 0
[AssetsStore] saveAssets complete. Success: 3, Failed: 0

 [32mÔ£ô[39m src/lib/stores/app.test.ts [2m([22m[2m18 tests[22m[2m | [22m[33m7 skipped[39m[2m)[22m[90m 26[2mms[22m[39m
    at Module.track_reactivity_loss [90m(C:\PROJETOS\TraderLogPro\[39mnode_modules\[4m.pnpm[24m\svelte@5.49.0\node_modules\[4ms
velte[24m\src\internal\client\reactivity\async.js:153:14[90m)[39m
    at safeInvoke [90m(C:\PROJETOS\TraderLogPro\[39msrc\lib\stores\app.svelte.ts:78:14[90m)[39m
    at async Promise.all (index 4)
    at Module.track_reactivity_loss [90m(C:\PROJETOS\TraderLogPro\[39mnode_modules\[4m.pnpm[24m\svelte@5.49.0\node_modules\[4ms
velte[24m\src\internal\client\reactivity\async.js:153:14[90m)[39m
    at loadRemainingData [90m(C:\PROJETOS\TraderLogPro\[39msrc\lib\stores\app.svelte.ts:145:10[90m)[39m
[SettingsStore] ERROR/TIMEOUT loading Chart Types: TypeError: Cannot read properties of undefined (reading 'invoke')
    at invoke [90m(file:///C:/PROJETOS/TraderLogPro/[39mnode_modules/[4m.pnpm[24m/@tauri-apps+api@2.10.1/node_modules/[4m@tauri
-apps/api[24m/core.js:202:39[90m)[39m
    at Module.invokeWithTimeout [90m(C:\PROJETOS\TraderLogPro\[39msrc\lib\utils.ts:170:9[90m)[39m
[90m    at processTicksAndRejections (node:internal/process/task_queues:103:5)[39m
    at Module.track_reactivity_loss [90m(C:\PROJETOS\TraderLogPro\[39mnode_modules\[4m.pnpm[24m\svelte@5.49.0\node_modules\[4ms
velte[24m\src\internal\client\reactivity\async.js:153:14[90m)[39m
    at safeInvoke [90m(C:\PROJETOS\TraderLogPro\[39msrc\lib\stores\app.svelte.ts:78:14[90m)[39m
    at async Promise.all (index 5)
    at Module.track_reactivity_loss [90m(C:\PROJETOS\TraderLogPro\[39mnode_modules\[4m.pnpm[24m\svelte@5.49.0\node_modules\[4ms
velte[24m\src\internal\client\reactivity\async.js:153:14[90m)[39m
    at loadRemainingData [90m(C:\PROJETOS\TraderLogPro\[39msrc\lib\stores\app.svelte.ts:145:10[90m)[39m

 [32mÔ£ô[39m src/lib/stores/riskStore.test.ts [2m([22m[2m12 tests[22m[2m | [22m[33m1 skipped[39m[2m)[22m[90m 22[2mms[22m[39m
 [32mÔ£ô[39m src/lib/domain/insights/live-intervention.test.ts [2m([22m[2m5 tests[22m[2m)[22m[90m 5[2mms[22m[39m
 [32mÔ£ô[39m src/lib/utils.test.ts [2m([22m[2m6 tests[22m[2m)[22m[90m 47[2mms[22m[39m
 [32mÔ£ô[39m src/lib/stores/chart-types.test.ts [2m([22m[2m5 tests[22m[2m)[22m[90m 10[2mms[22m[39m
 [32mÔ£ô[39m src/lib/stores/indicators.test.ts [2m([22m[2m5 tests[22m[2m)[22m[90m 11[2mms[22m[39m
 [32mÔ£ô[39m src/lib/stores/markets.test.ts [2m([22m[2m5 tests[22m[2m)[22m[90m 11[2mms[22m[39m
 [32mÔ£ô[39m src/lib/stores/modalities.test.ts [2m([22m[2m5 tests[22m[2m)[22m[90m 17[2mms[22m[39m
 [32mÔ£ô[39m src/lib/stores/currencies.test.ts [2m([22m[2m4 tests[22m[2m)[22m[90m 8[2mms[22m[39m
 [32mÔ£ô[39m src/lib/stores/timeframes.test.ts [2m([22m[2m4 tests[22m[2m)[22m[90m 10[2mms[22m[39m
[90mstdout[2m | src/lib/stores/assets.test.ts[2m > [22m[2mAssetsStore Unit Tests[2m > [22m[2mshould perform partial property updates
[22m[39m[AssetsStore] saveAssets: Saving 2 assets...
[AssetsStore] saveAssets complete. Success: 2, Failed: 0

 [32mÔ£ô[39m src/lib/stores/assets.test.ts [2m([22m[2m4 tests[22m[2m)[22m[90m 17[2mms[22m[39m

[31mÔÄ»ÔÄ»ÔÄ»ÔÄ»ÔÄ»ÔÄ»[1m[7m Failed Tests 26 [27m[22mÔÄ»ÔÄ»ÔÄ»ÔÄ»ÔÄ»ÔÄ»ÔÄ»[39m

[31m[1m[7m FAIL [27m[22m[39m src/lib/stores/trades.test.ts[2m > [22mTradesStore Unit Tests[2m > [22mshould count closed 
trades for a specific date
[31m[1mAssertionError[22m: expected 3 to be 2 // Object.is equality[39m

[32m- Expected[39m
[31m+ Received[39m

[32m- 2[39m
[31m+ 3[39m

[36m [2mÔØ»[22m src/lib/stores/trades.test.ts:[2m74:65[22m[39m
    [90m 72| [39m        ] [35mas[39m any[33m;[39m
    [90m 73| [39m
    [90m 74| [39m        [34mexpect[39m(tradesStore[33m.[39m[34mgetTradesCountForDate[39m([32m'2024-03-02'[39m))[33m.[39
m[34mtoBe[39m([34m2[39mÔÇª
    [90m   | [39m                                                                [31m^[39m
    [90m 75| [39m    })[33m;[39m
    [90m 76| [39m

[31m[2mÔÄ»ÔÄ»ÔÄ»ÔÄ»ÔÄ»ÔÄ»ÔÄ»ÔÄ»ÔÄ»ÔÄ»ÔÄ»ÔÄ»ÔÄ»ÔÄ»ÔÄ»ÔÄ»ÔÄ»ÔÄ»ÔÄ»ÔÄ»ÔÄ»ÔÄ»ÔÄ»[1/26]ÔÄ»[22m[39m

[31m[1m[7m FAIL [27m[22m[39m src/lib/domain/risk/desk-validation-engine.test.ts[2m > [22mDeskValidationEngine[2m > 
[22mScenario B: Ativo n├úo permitido -> allowed = false, reason preenchido
[31m[1mAssertionError[22m: expected [ 'invalid_asset' ] to include 'desk.reasons.invalid_asset'[39m
[36m [2mÔØ»[22m src/lib/domain/risk/desk-validation-engine.test.ts:[2m63:32[22m[39m
    [90m 61| [39m        [34mexpect[39m(result[33m.[39mallowed)[33m.[39m[34mtoBe[39m([35mfalse[39m)[33m;[39m
    [90m 62| [39m        
[34mexpect[39m(result[33m.[39mchecks[33m.[39mallowedAsset)[33m.[39m[34mtoBe[39m([35mfalse[39m)[33m;[39m
    [90m 63| [39m        
[34mexpect[39m(result[33m.[39mreasons)[33m.[39m[34mtoContain[39m([32m"desk.reasons.invalid_asset"[39m)[33m;[39m
    [90m   | [39m                               [31m^[39m
    [90m 64| [39m    })[33m;[39m
    [90m 65| [39m

[31m[2mÔÄ»ÔÄ»ÔÄ»ÔÄ»ÔÄ»ÔÄ»ÔÄ»ÔÄ»ÔÄ»ÔÄ»ÔÄ»ÔÄ»ÔÄ»ÔÄ»ÔÄ»ÔÄ»ÔÄ»ÔÄ»ÔÄ»ÔÄ»ÔÄ»ÔÄ»ÔÄ»[2/26]ÔÄ»[22m[39m

[31m[1m[7m FAIL [27m[22m[39m src/lib/domain/risk/desk-validation-engine.test.ts[2m > [22mDeskValidationEngine[2m > 
[22mScenario C: Regra combinada excede limite (ex: 30) -> allowed = false
[31m[1mAssertionError[22m: expected 'max_exposure' to contain 'desk.reasons.max_exposure'[39m

Expected: [32m"[7mdesk.reasons.[27mmax_exposure"[39m
Received: [31m"max_exposure"[39m

[36m [2mÔØ»[22m src/lib/domain/risk/desk-validation-engine.test.ts:[2m78:35[22m[39m
    [90m 76| [39m        [34mexpect[39m(result[33m.[39mallowed)[33m.[39m[34mtoBe[39m([35mfalse[39m)[33m;[39m
    [90m 77| [39m        
[34mexpect[39m(result[33m.[39mchecks[33m.[39mcombinedExposure)[33m.[39m[34mtoBe[39m([35mfalse[39m)[33m;[39m
    [90m 78| [39m        
[34mexpect[39m(result[33m.[39mreasons[[34m0[39m])[33m.[39m[34mtoContain[39m([32m"desk.reasons.max_exposure[39mÔÇª
    [90m   | [39m                                  [31m^[39m
    [90m 79| [39m    })[33m;[39m
    [90m 80| [39m

[31m[2mÔÄ»ÔÄ»ÔÄ»ÔÄ»ÔÄ»ÔÄ»ÔÄ»ÔÄ»ÔÄ»ÔÄ»ÔÄ»ÔÄ»ÔÄ»ÔÄ»ÔÄ»ÔÄ»ÔÄ»ÔÄ»ÔÄ»ÔÄ»ÔÄ»ÔÄ»ÔÄ»[3/26]ÔÄ»[22m[39m

[31m[1m[7m FAIL [27m[22m[39m src/lib/domain/risk/desk-validation-engine.test.ts[2m > [22mDeskValidationEngine[2m > 
[22mScenario E: Regra de hor├írio sem contexto suficiente -> retorna warning
[31m[1mAssertionError[22m: expected [ 'time_constraint' ] to include 'desk.warnings.time_constraint'[39m
[36m [2mÔØ»[22m src/lib/domain/risk/desk-validation-engine.test.ts:[2m107:33[22m[39m
    [90m105| [39m        [34mexpect[39m(result[33m.[39mallowed)[33m.[39m[34mtoBe[39m([35mtrue[39m)[33m;[39m [90m// 
fallbacks to true if it [39mÔÇª
    [90m106| [39m        
[34mexpect[39m(result[33m.[39mchecks[33m.[39mcloseBeforeMarketClose)[33m.[39m[34mtoBe[39m([35mtrue[39m)[33m;[39m
    [90m107| [39m        
[34mexpect[39m(result[33m.[39mwarnings)[33m.[39m[34mtoContain[39m([32m"desk.warnings.time_constrai[39mÔÇª
    [90m   | [39m                                [31m^[39m
    [90m108| [39m    })[33m;[39m
    [90m109| [39m

[31m[2mÔÄ»ÔÄ»ÔÄ»ÔÄ»ÔÄ»ÔÄ»ÔÄ»ÔÄ»ÔÄ»ÔÄ»ÔÄ»ÔÄ»ÔÄ»ÔÄ»ÔÄ»ÔÄ»ÔÄ»ÔÄ»ÔÄ»ÔÄ»ÔÄ»ÔÄ»ÔÄ»[4/26]ÔÄ»[22m[39m

[31m[1m[7m FAIL [27m[22m[39m src/lib/domain/risk/desk-validation-engine.test.ts[2m > [22mDeskValidationEngine[2m > 
[22mScenario F: Day trade only sem contexto suficiente -> retorna warning
[31m[1mAssertionError[22m: expected [ 'day_trade_only' ] to include 'desk.warnings.day_trade_only'[39m
[36m [2mÔØ»[22m src/lib/domain/risk/desk-validation-engine.test.ts:[2m122:33[22m[39m
    [90m120| [39m        [34mexpect[39m(result[33m.[39mallowed)[33m.[39m[34mtoBe[39m([35mtrue[39m)[33m;[39m
    [90m121| [39m        
[34mexpect[39m(result[33m.[39mchecks[33m.[39mdayTradeOnly)[33m.[39m[34mtoBe[39m([35mtrue[39m)[33m;[39m
    [90m122| [39m        
[34mexpect[39m(result[33m.[39mwarnings)[33m.[39m[34mtoContain[39m([32m"desk.warnings.day_trade_onl[39mÔÇª
    [90m   | [39m                                [31m^[39m
    [90m123| [39m    })[33m;[39m
    [90m124| [39m

[31m[2mÔÄ»ÔÄ»ÔÄ»ÔÄ»ÔÄ»ÔÄ»ÔÄ»ÔÄ»ÔÄ»ÔÄ»ÔÄ»ÔÄ»ÔÄ»ÔÄ»ÔÄ»ÔÄ»ÔÄ»ÔÄ»ÔÄ»ÔÄ»ÔÄ»ÔÄ»ÔÄ»[5/26]ÔÄ»[22m[39m

[31m[1m[7m FAIL [27m[22m[39m src/lib/domain/risk/desk-validation-engine.test.ts[2m > [22mDeskValidationEngine[2m > 
[22mScenario G: Day trade only violation -> blocks operation
[31m[1mAssertionError[22m: expected [ 'day_trade_only_violation' ] to include 'desk.reasons.day_trade_only'[39m
[36m [2mÔØ»[22m src/lib/domain/risk/desk-validation-engine.test.ts:[2m137:32[22m[39m
    [90m135| [39m        [34mexpect[39m(result[33m.[39mallowed)[33m.[39m[34mtoBe[39m([35mfalse[39m)[33m;[39m
    [90m136| [39m        
[34mexpect[39m(result[33m.[39mchecks[33m.[39mdayTradeOnly)[33m.[39m[34mtoBe[39m([35mfalse[39m)[33m;[39m
    [90m137| [39m        
[34mexpect[39m(result[33m.[39mreasons)[33m.[39m[34mtoContain[39m([32m"desk.reasons.day_trade_only"[39mÔÇª
    [90m   | [39m                               [31m^[39m
    [90m138| [39m    })[33m;[39m
    [90m139| [39m})[33m;[39m

[31m[2mÔÄ»ÔÄ»ÔÄ»ÔÄ»ÔÄ»ÔÄ»ÔÄ»ÔÄ»ÔÄ»ÔÄ»ÔÄ»ÔÄ»ÔÄ»ÔÄ»ÔÄ»ÔÄ»ÔÄ»ÔÄ»ÔÄ»ÔÄ»ÔÄ»ÔÄ»ÔÄ»[6/26]ÔÄ»[22m[39m

[31m[1m[7m FAIL [27m[22m[39m src/lib/domain/risk/desk-validation-engine.test.ts[2m > [22mDeskAuditEngine (Historical Prop 
Firm Validation)[2m > [22mScenario D: Insufficient history -> pending
[31m[1mAssertionError[22m: expected 'consistency_pending' to contain 'desk.reasons.consistency_pending'[39m

Expected: [32m"[7mdesk.reasons.[27mconsistency_pending"[39m
Received: [31m"consistency_pending"[39m

[36m [2mÔØ»[22m src/lib/domain/risk/desk-validation-engine.test.ts:[2m237:35[22m[39m
    [90m235| [39m        [35mconst[39m result [33m=[39m [34mcalculateHistoricalAudit[39m(trades[33m,[39m desk)[33m;[39m
    [90m236| [39m        [34mexpect[39m(result[33m.[39mstatus)[33m.[39m[34mtoBe[39m([32m'pending'[39m)[33m;[39m
    [90m237| [39m        
[34mexpect[39m(result[33m.[39mreasons[[34m0[39m])[33m.[39m[34mtoContain[39m([32m'desk.reasons.consistency_[39mÔÇª
    [90m   | [39m                                  [31m^[39m
    [90m238| [39m    })[33m;[39m
    [90m239| [39m

[31m[2mÔÄ»ÔÄ»ÔÄ»ÔÄ»ÔÄ»ÔÄ»ÔÄ»ÔÄ»ÔÄ»ÔÄ»ÔÄ»ÔÄ»ÔÄ»ÔÄ»ÔÄ»ÔÄ»ÔÄ»ÔÄ»ÔÄ»ÔÄ»ÔÄ»ÔÄ»ÔÄ»[7/26]ÔÄ»[22m[39m

[31m[1m[7m FAIL [27m[22m[39m src/lib/domain/risk/desk-validation-engine.test.ts[2m > [22mDeskAuditEngine (Historical Prop 
Firm Validation)[2m > [22mScenario E: 50% Rule Violated (best day > limit) -> failed
[31m[1mAssertionError[22m: expected 'max_share_50' to contain 'desk.reasons.max_share_50'[39m

Expected: [32m"[7mdesk.reasons.[27mmax_share_50"[39m
Received: [31m"max_share_50"[39m

[36m [2mÔØ»[22m src/lib/domain/risk/desk-validation-engine.test.ts:[2m251:35[22m[39m
    [90m249| [39m        
[34mexpect[39m(result[33m.[39mmetrics[33m.[39mbest_day_share_percent)[33m.[39m[34mtoBe[39m([34m80[39m)[33m;[39m
    [90m250| [39m        [34mexpect[39m(result[33m.[39mstatus)[33m.[39m[34mtoBe[39m([32m'failed'[39m)[33m;[39m
    [90m251| [39m        
[34mexpect[39m(result[33m.[39mreasons[[34m0[39m])[33m.[39m[34mtoContain[39m([32m'desk.reasons.max_share_50[39mÔÇª
    [90m   | [39m                                  [31m^[39m
    [90m252| [39m    })[33m;[39m
    [90m253| [39m

[31m[2mÔÄ»ÔÄ»ÔÄ»ÔÄ»ÔÄ»ÔÄ»ÔÄ»ÔÄ»ÔÄ»ÔÄ»ÔÄ»ÔÄ»ÔÄ»ÔÄ»ÔÄ»ÔÄ»ÔÄ»ÔÄ»ÔÄ»ÔÄ»ÔÄ»ÔÄ»ÔÄ»[8/26]ÔÄ»[22m[39m

[31m[1m[7m FAIL [27m[22m[39m src/lib/domain/risk/desk-validation-engine.test.ts[2m > [22mDeskAuditEngine (Historical Prop 
Firm Validation)[2m > [22mScenario G: Min Trading Days Validation -> pending / passed
[31m[1mAssertionError[22m: expected 'min_operated_days' to contain 'desk.reasons.min_operated_days'[39m

Expected: [32m"[7mdesk.reasons.[27mmin_operated_days"[39m
Received: [31m"min_operated_days"[39m

[36m [2mÔØ»[22m src/lib/domain/risk/desk-validation-engine.test.ts:[2m272:39[22m[39m
    [90m270| [39m        [35mconst[39m resPending [33m=[39m [34mcalculateHistoricalAudit[39m(trades[33m,[39m 
desk)[33m;[39m
    [90m271| [39m        [34mexpect[39m(resPending[33m.[39mstatus)[33m.[39m[34mtoBe[39m([32m'pending'[39m)[33m;[39m
    [90m272| [39m        
[34mexpect[39m(resPending[33m.[39mreasons[[34m0[39m])[33m.[39m[34mtoContain[39m([32m'desk.reasons.min_oper[39mÔÇª
    [90m   | [39m                                      [31m^[39m
    [90m273| [39m
    [90m274| [39m        [35mconst[39m trades10 [33m=[39m [[34m1[39m[33m,[39m[34m2[39m[33m,[39m[34m3[39m[33m,[39m
[34m4[39m[33m,[39m[34m5[39m[33m,[39m[34m6[39m[33m,[39m[34m7[39m[33m,[39m[34m8[39m[33m,[39m[34m9[39m[33m,[39m
[34m10[39m][33m.[39m[34mmap[39m(d [33m=>[39m [34mcreateMockTra[39mÔÇª

[31m[2mÔÄ»ÔÄ»ÔÄ»ÔÄ»ÔÄ»ÔÄ»ÔÄ»ÔÄ»ÔÄ»ÔÄ»ÔÄ»ÔÄ»ÔÄ»ÔÄ»ÔÄ»ÔÄ»ÔÄ»ÔÄ»ÔÄ»ÔÄ»ÔÄ»ÔÄ»ÔÄ»[9/26]ÔÄ»[22m[39m

[31m[1m[7m FAIL [27m[22m[39m src/lib/domain/risk/desk-validation-engine.test.ts[2m > [22mDeskAuditEngine (Etapa 9 - Stage 
Overrides)[2m > [22mScenario A: margin_building -> ignores 50% rule and consistency
[31m[1mAssertionError[22m: expected 'min_operated_days' to contain 'desk.reasons.min_operated_days'[39m

Expected: [32m"[7mdesk.reasons.[27mmin_operated_days"[39m
Received: [31m"min_operated_days"[39m

[36m [2mÔØ»[22m src/lib/domain/risk/desk-validation-engine.test.ts:[2m317:32[22m[39m
    [90m315| [39m        [35mconst[39m res [33m=[39m [34mcalculateHistoricalAudit[39m(trades[33m,[39m desk)[33m;[39m
    [90m316| [39m        [34mexpect[39m(res[33m.[39mstatus)[33m.[39m[34mtoBe[39m([32m'pending'[39m)[33m;[39m
    [90m317| [39m        
[34mexpect[39m(res[33m.[39mreasons[[34m0[39m])[33m.[39m[34mtoContain[39m([32m'desk.reasons.min_operated_da[39mÔÇª
    [90m   | [39m                               [31m^[39m
    [90m318| [39m        [90m// BUT 50% rule or consistency SHOULD NOT be in the reasons![39m
    [90m319| [39m        [34mexpect[39m(res[33m.[39mreasons[33m.[39m[34mfind[39m(r [33m=>[39m 
r[33m.[39m[34mincludes[39m([32m'50%'[39m)))[33m.[39m[34mtoBeUndefined[39mÔÇª

[31m[2mÔÄ»ÔÄ»ÔÄ»ÔÄ»ÔÄ»ÔÄ»ÔÄ»ÔÄ»ÔÄ»ÔÄ»ÔÄ»ÔÄ»ÔÄ»ÔÄ»ÔÄ»ÔÄ»ÔÄ»ÔÄ»ÔÄ»ÔÄ»ÔÄ»ÔÄ»[10/26]ÔÄ»[22m[39m

[31m[1m[7m FAIL [27m[22m[39m src/lib/domain/risk/desk-validation-engine.test.ts[2m > [22mDeskAuditEngine (Etapa 9 - Stage 
Overrides)[2m > [22mScenario B: real_phase_1 -> applies 50% rule and consistency
[31m[1mAssertionError[22m: expected 'max_share_50' to contain 'desk.reasons.max_share_50'[39m

Expected: [32m"[7mdesk.reasons.[27mmax_share_50"[39m
Received: [31m"max_share_50"[39m

[36m [2mÔØ»[22m src/lib/domain/risk/desk-validation-engine.test.ts:[2m337:32[22m[39m
    [90m335| [39m        [35mconst[39m res [33m=[39m [34mcalculateHistoricalAudit[39m(trades[33m,[39m desk)[33m;[39m
    [90m336| [39m        [34mexpect[39m(res[33m.[39mstatus)[33m.[39m[34mtoBe[39m([32m'failed'[39m)[33m;[39m
    [90m337| [39m        [34mexpect[39m(res[33m.[39mreasons[[34m0[39m])[33m.[39m[34mtoContain[39m([32m'desk.reasons.max
_share_50'[39m)[33m;[39mÔÇª
    [90m   | [39m                               [31m^[39m
    [90m338| [39m    })[33m;[39m
    [90m339| [39m

[31m[2mÔÄ»ÔÄ»ÔÄ»ÔÄ»ÔÄ»ÔÄ»ÔÄ»ÔÄ»ÔÄ»ÔÄ»ÔÄ»ÔÄ»ÔÄ»ÔÄ»ÔÄ»ÔÄ»ÔÄ»ÔÄ»ÔÄ»ÔÄ»ÔÄ»ÔÄ»[11/26]ÔÄ»[22m[39m

[31m[1m[7m FAIL [27m[22m[39m src/lib/domain/risk/desk-validation-engine.test.ts[2m > [22mDeskAuditEngine (Etapa 9 - Stage 
Overrides)[2m > [22mScenario D: stage changes override behaviors correctly
[31m[1mAssertionError[22m: expected 'consistency_pending' to contain 'desk.reasons.consistency_pending'[39m

Expected: [32m"[7mdesk.reasons.[27mconsistency_pending"[39m
Received: [31m"consistency_pending"[39m

[36m [2mÔØ»[22m src/lib/domain/risk/desk-validation-engine.test.ts:[2m371:42[22m[39m
    [90m369| [39m        [90m// So real_final will be PENDING for consistency![39m
    [90m370| [39m        [34mexpect[39m(resPhaseFinal[33m.[39mstatus)[33m.[39m[34mtoBe[39m([32m'pending'[39m)[33m;[39m
    [90m371| [39m        
[34mexpect[39m(resPhaseFinal[33m.[39mreasons[[34m0[39m])[33m.[39m[34mtoContain[39m([32m'desk.reasons.consi[39mÔÇª
    [90m   | [39m                                         [31m^[39m
    [90m372| [39m
    [90m373| [39m        [90m// Test with margin_building (consistency disabled, 50% rule d[39mÔÇª

[31m[2mÔÄ»ÔÄ»ÔÄ»ÔÄ»ÔÄ»ÔÄ»ÔÄ»ÔÄ»ÔÄ»ÔÄ»ÔÄ»ÔÄ»ÔÄ»ÔÄ»ÔÄ»ÔÄ»ÔÄ»ÔÄ»ÔÄ»ÔÄ»ÔÄ»ÔÄ»[12/26]ÔÄ»[22m[39m

[31m[1m[7m FAIL [27m[22m[39m src/lib/domain/risk/desk-validation-engine.test.ts[2m > [22mevaluateDeskStageProgression[2m > 
[22mCENARIO A: margin_building missing minimum days -> cannot advance
[31m[1mAssertionError[22m: expected [ 'progression_pending_days' ] to include 'desk.progression.reasons.pending_days'[39m
[36m [2mÔØ»[22m src/lib/domain/risk/desk-validation-engine.test.ts:[2m404:29[22m[39m
    [90m402| [39m        [34mexpect[39m(res[33m.[39mcan_advance)[33m.[39m[34mtoBe[39m([35mfalse[39m)[33m;[39m
    [90m403| [39m        [34mexpect[39m(res[33m.[39mshould_remain)[33m.[39m[34mtoBe[39m([35mtrue[39m)[33m;[39m
    [90m404| [39m        
[34mexpect[39m(res[33m.[39mreasons)[33m.[39m[34mtoContain[39m([32m'desk.progression.reasons.pendin[39mÔÇª
    [90m   | [39m                            [31m^[39m
    [90m405| [39m        [34mexpect[39m(res[33m.[39mchecks[33m.[39m[34mfind[39m(c [33m=>[39m c[33m.[39mkey 
[33m===[39m [32m'min_trading_days'[39m)[33m?.[39mpasÔÇª
    [90m406| [39m    })[33m;[39m

[31m[2mÔÄ»ÔÄ»ÔÄ»ÔÄ»ÔÄ»ÔÄ»ÔÄ»ÔÄ»ÔÄ»ÔÄ»ÔÄ»ÔÄ»ÔÄ»ÔÄ»ÔÄ»ÔÄ»ÔÄ»ÔÄ»ÔÄ»ÔÄ»ÔÄ»ÔÄ»[13/26]ÔÄ»[22m[39m

[31m[1m[7m FAIL [27m[22m[39m src/lib/domain/risk/desk-validation-engine.test.ts[2m > [22mevaluateDeskStageProgression[2m > 
[22mCENARIO D: real_final has no next stage -> remain only
[31m[1mAssertionError[22m: expected [ 'max_stage_reached' ] to include 'desk.progression.reasons.max_stage_reÔÇª'[39m
[36m [2mÔØ»[22m src/lib/domain/risk/desk-validation-engine.test.ts:[2m433:29[22m[39m
    [90m431| [39m        [34mexpect[39m(res[33m.[39mcan_advance)[33m.[39m[34mtoBe[39m([35mfalse[39m)[33m;[39m
    [90m432| [39m        [34mexpect[39m(res[33m.[39mshould_remain)[33m.[39m[34mtoBe[39m([35mtrue[39m)[33m;[39m
    [90m433| [39m        
[34mexpect[39m(res[33m.[39mreasons)[33m.[39m[34mtoContain[39m([32m'desk.progression.reasons.max_st[39mÔÇª
    [90m   | [39m                            [31m^[39m
    [90m434| [39m    })[33m;[39m
    [90m435| [39m})[33m;[39m

[31m[2mÔÄ»ÔÄ»ÔÄ»ÔÄ»ÔÄ»ÔÄ»ÔÄ»ÔÄ»ÔÄ»ÔÄ»ÔÄ»ÔÄ»ÔÄ»ÔÄ»ÔÄ»ÔÄ»ÔÄ»ÔÄ»ÔÄ»ÔÄ»ÔÄ»ÔÄ»[14/26]ÔÄ»[22m[39m

[31m[1m[7m FAIL [27m[22m[39m src/lib/domain/risk/desk-validation-engine.test.ts[2m > [22mgenerateDeskProgressFeedback[2m > 
[22mFalta de dias m├¡nimos e lucro - Gera m├║ltiplos feedbacks
[31m[1mAssertionError[22m: expected [ 'feedback_missing_days', ÔÇª(1) ] to include 'desk.feedback.missing_days'[39m
[36m [2mÔØ»[22m src/lib/domain/risk/desk-validation-engine.test.ts:[2m459:47[22m[39m
    [90m457| [39m        [35mconst[39m feedback [33m=[39m [34mgenerateDeskProgressFeedback[39m(configWithStagesÔÇª
    [90m458| [39m        
    [90m459| [39m        
[34mexpect[39m(feedback[33m.[39mmissing_requirements)[33m.[39m[34mtoContain[39m([32m'desk.feedback[39mÔÇª
    [90m   | [39m                                              [31m^[39m
    [90m460| [39m        
[34mexpect[39m(feedback[33m.[39mmissing_requirements)[33m.[39m[34mtoContain[39m([32m'desk.feedback[39mÔÇª
    [90m461| [39m        

[31m[2mÔÄ»ÔÄ»ÔÄ»ÔÄ»ÔÄ»ÔÄ»ÔÄ»ÔÄ»ÔÄ»ÔÄ»ÔÄ»ÔÄ»ÔÄ»ÔÄ»ÔÄ»ÔÄ»ÔÄ»ÔÄ»ÔÄ»ÔÄ»ÔÄ»ÔÄ»[15/26]ÔÄ»[22m[39m

[31m[1m[7m FAIL [27m[22m[39m src/lib/domain/risk/desk-validation-engine.test.ts[2m > [22mgenerateDeskProgressFeedback[2m > 
[22mAviso da Regra dos 50% atingindo o warning, mas n├úo estourando
[31m[1mAssertionError[22m: expected [ 'feedback_warning_50_percent' ] to include 'desk.feedback.warning_50_percent'[39m
[36m [2mÔØ»[22m src/lib/domain/risk/desk-validation-engine.test.ts:[2m473:38[22m[39m
    [90m471| [39m        [90m// Cannot advance due to profit? No, profit is 3500 > 3000[39m
    [90m472| [39m        
[34mexpect[39m(feedback[33m.[39mmissing_requirements[33m.[39mlength)[33m.[39m[34mtoBe[39m([34m0[39m)[33m;[39m [90m// 
Perfe[39mÔÇª
    [90m473| [39m        
[34mexpect[39m(feedback[33m.[39msuggestions)[33m.[39m[34mtoContain[39m([32m'desk.feedback.warning_[39mÔÇª
    [90m   | [39m                                     [31m^[39m
    [90m474| [39m        [34mexpect[39m(feedback[33m.[39mprogress[33m.[39m[34mfind[39m(p [33m=>[39m p[33m.[39mkey 
[33m===[39m [32m'rule_50'[39m)[33m?.[39mcurreÔÇª
    [90m475| [39m    })[33m;[39m

[31m[2mÔÄ»ÔÄ»ÔÄ»ÔÄ»ÔÄ»ÔÄ»ÔÄ»ÔÄ»ÔÄ»ÔÄ»ÔÄ»ÔÄ»ÔÄ»ÔÄ»ÔÄ»ÔÄ»ÔÄ»ÔÄ»ÔÄ»ÔÄ»ÔÄ»ÔÄ»[16/26]ÔÄ»[22m[39m

[31m[1m[7m FAIL [27m[22m[39m src/lib/domain/risk/desk-validation-engine.test.ts[2m > [22mgenerateDeskProgressFeedback[2m > 
[22mViola├º├úo expl├¡cita da Regra dos 50% gera block
[31m[1mAssertionError[22m: expected [ 'feedback_failed_50_percent' ] to include 'desk.feedback.failed_50_percent'[39m
[36m [2mÔØ»[22m src/lib/domain/risk/desk-validation-engine.test.ts:[2m493:47[22m[39m
    [90m491| [39m        [35mconst[39m feedback [33m=[39m [34mgenerateDeskProgressFeedback[39m(configPhase1[33m,[39m auÔÇª
    [90m492| [39m        
    [90m493| [39m        
[34mexpect[39m(feedback[33m.[39mmissing_requirements)[33m.[39m[34mtoContain[39m([32m'desk.feedback[39mÔÇª
    [90m   | [39m                                              [31m^[39m
    [90m494| [39m    })[33m;[39m
    [90m495| [39m})[33m;[39m

[31m[2mÔÄ»ÔÄ»ÔÄ»ÔÄ»ÔÄ»ÔÄ»ÔÄ»ÔÄ»ÔÄ»ÔÄ»ÔÄ»ÔÄ»ÔÄ»ÔÄ»ÔÄ»ÔÄ»ÔÄ»ÔÄ»ÔÄ»ÔÄ»ÔÄ»ÔÄ»[17/26]ÔÄ»[22m[39m

[31m[1m[7m FAIL [27m[22m[39m src/lib/domain/risk/growth-engine.test.ts[2m > [22mDomain: Growth Engine - Metricas 
Isoladas[2m > [22mdeve calcular win rate em percentual corretamente
[31m[1mTypeError[22m: calculateWinRate is not a function[39m
[36m [2mÔØ»[22m src/lib/domain/risk/growth-engine.test.ts:[2m35:16[22m[39m
    [90m 33| [39m        ][33m;[39m [90m// 50%[39m
    [90m 34| [39m        
    [90m 35| [39m        [34mexpect[39m([34mcalculateWinRate[39m(trades))[33m.[39m[34mtoBe[39m([34m50[39m)[33m;[39m
    [90m   | [39m               [31m^[39m
    [90m 36| [39m        [34mexpect[39m([34mcalculateWinRate[39m([]))[33m.[39m[34mtoBe[39m([34m0[39m)[33m;[39m
    [90m 37| [39m    })[33m;[39m

[31m[2mÔÄ»ÔÄ»ÔÄ»ÔÄ»ÔÄ»ÔÄ»ÔÄ»ÔÄ»ÔÄ»ÔÄ»ÔÄ»ÔÄ»ÔÄ»ÔÄ»ÔÄ»ÔÄ»ÔÄ»ÔÄ»ÔÄ»ÔÄ»ÔÄ»ÔÄ»[18/26]ÔÄ»[22m[39m

[31m[1m[7m FAIL [27m[22m[39m src/lib/domain/risk/growth-engine.test.ts[2m > [22mDomain: Growth Engine - Metricas 
Isoladas[2m > [22mdeve calcular profit factor corretamente
[31m[1mTypeError[22m: calculateProfitFactor is not a function[39m
[36m [2mÔØ»[22m src/lib/domain/risk/growth-engine.test.ts:[2m45:16[22m[39m
    [90m 43| [39m        ][33m;[39m [90m// 150 / 50 = 3[39m
    [90m 44| [39m        
    [90m 45| [39m        
[34mexpect[39m([34mcalculateProfitFactor[39m(trades))[33m.[39m[34mtoBe[39m([34m3[39m)[33m;[39m
    [90m   | [39m               [31m^[39m
    [90m 46| [39m
    [90m 47| [39m        [35mconst[39m onlyWins [33m=[39m [[34mcreateTestTrade[39m([35mtrue[39m[33m,[39m 
[34m100[39m[33m,[39m [34m1[39m)][33m;[39m

[31m[2mÔÄ»ÔÄ»ÔÄ»ÔÄ»ÔÄ»ÔÄ»ÔÄ»ÔÄ»ÔÄ»ÔÄ»ÔÄ»ÔÄ»ÔÄ»ÔÄ»ÔÄ»ÔÄ»ÔÄ»ÔÄ»ÔÄ»ÔÄ»ÔÄ»ÔÄ»[19/26]ÔÄ»[22m[39m

[31m[1m[7m FAIL [27m[22m[39m src/lib/domain/risk/growth-engine.test.ts[2m > [22mDomain: Growth Engine - Metricas 
Isoladas[2m > [22mdeve calcular expectancyR precisamente
[31m[1mTypeError[22m: calculateExpectancyR is not a function[39m
[36m [2mÔØ»[22m src/lib/domain/risk/growth-engine.test.ts:[2m57:16[22m[39m
    [90m 55| [39m        ][33m;[39m [90m//  2 - 1 = 1 / 2 = 0.5[39m
    [90m 56| [39m        
    [90m 57| [39m        
[34mexpect[39m([34mcalculateExpectancyR[39m(trades))[33m.[39m[34mtoBe[39m([34m0.5[39m)[33m;[39m
    [90m   | [39m               [31m^[39m
    [90m 58| [39m    })[33m;[39m
    [90m 59| [39m

[31m[2mÔÄ»ÔÄ»ÔÄ»ÔÄ»ÔÄ»ÔÄ»ÔÄ»ÔÄ»ÔÄ»ÔÄ»ÔÄ»ÔÄ»ÔÄ»ÔÄ»ÔÄ»ÔÄ»ÔÄ»ÔÄ»ÔÄ»ÔÄ»ÔÄ»ÔÄ»[20/26]ÔÄ»[22m[39m

[31m[1m[7m FAIL [27m[22m[39m src/lib/domain/risk/growth-engine.test.ts[2m > [22mDomain: Growth Engine - Metricas 
Isoladas[2m > [22mdeve calcular drawdown percent corretamente com sequ├¬ncia de pico e queda
[31m[1mTypeError[22m: calculateDrawdownPercent is not a function[39m
[36m [2mÔØ»[22m src/lib/domain/risk/growth-engine.test.ts:[2m68:16[22m[39m
    [90m 66| [39m        ][33m;[39m 
    [90m 67| [39m        
    [90m 68| [39m        [34mexpect[39m([34mcalculateDrawdownPercent[39m(trades[33m,[39m 
capital))[33m.[39m[34mtoBe[39m([34m50[39m)[33m;[39m
    [90m   | [39m               [31m^[39m
    [90m 69| [39m    })[33m;[39m
    [90m 70| [39m})[33m;[39m

[31m[2mÔÄ»ÔÄ»ÔÄ»ÔÄ»ÔÄ»ÔÄ»ÔÄ»ÔÄ»ÔÄ»ÔÄ»ÔÄ»ÔÄ»ÔÄ»ÔÄ»ÔÄ»ÔÄ»ÔÄ»ÔÄ»ÔÄ»ÔÄ»ÔÄ»ÔÄ»[21/26]ÔÄ»[22m[39m

[31m[1m[7m FAIL [27m[22m[39m src/lib/domain/risk/growth-engine.test.ts[2m > [22mDomain: Growth Engine - 
evaluateGrowthPhase[2m > [22mdeve autorizar canPromote = true quando todos os crit├®rios superam a baseline
[31m[1mAssertionError[22m: expected false to be true // Object.is equality[39m

[32m- Expected[39m
[31m+ Received[39m

[32m- true[39m
[31m+ false[39m

[36m [2mÔØ»[22m src/lib/domain/risk/growth-engine.test.ts:[2m114:35[22m[39m
    [90m112| [39m        [35mconst[39m result [33m=[39m [34mevaluateGrowthPhase[39m(targetPhase[33m,[39m 
trades[33m,[39m startiÔÇª
    [90m113| [39m        
    [90m114| [39m        [34mexpect[39m(result[33m.[39mcanPromote)[33m.[39m[34mtoBe[39m([35mtrue[39m)[33m;[39m
    [90m   | [39m                                  [31m^[39m
    [90m115| [39m        [34mexpect[39m(result[33m.[39mshouldRegress)[33m.[39m[34mtoBe[39m([35mfalse[39m)[33m;[39m
    [90m116| [39m        
[34mexpect[39m(result[33m.[39mmetrics[33m.[39mnetPnL)[33m.[39m[34mtoBe[39m([34m500[39m)[33m;[39m

[31m[2mÔÄ»ÔÄ»ÔÄ»ÔÄ»ÔÄ»ÔÄ»ÔÄ»ÔÄ»ÔÄ»ÔÄ»ÔÄ»ÔÄ»ÔÄ»ÔÄ»ÔÄ»ÔÄ»ÔÄ»ÔÄ»ÔÄ»ÔÄ»ÔÄ»ÔÄ»[22/26]ÔÄ»[22m[39m

[31m[1m[7m FAIL [27m[22m[39m src/lib/domain/risk/growth-engine.test.ts[2m > [22mDomain: Growth Engine - 
evaluateGrowthPhase[2m > [22mdeve detectar shouldRegress = true e quebrar promotion quando drawdown estoura
[31m[1mAssertionError[22m: expected false to be true // Object.is equality[39m

[32m- Expected[39m
[31m+ Received[39m

[32m- true[39m
[31m+ false[39m

[36m [2mÔØ»[22m src/lib/domain/risk/growth-engine.test.ts:[2m129:38[22m[39m
    [90m127| [39m        [35mconst[39m result [33m=[39m [34mevaluateGrowthPhase[39m(targetPhase[33m,[39m 
trades[33m,[39m startiÔÇª
    [90m128| [39m        
    [90m129| [39m        [34mexpect[39m(result[33m.[39mshouldRegress)[33m.[39m[34mtoBe[39m([35mtrue[39m)[33m;[39m
    [90m   | [39m                                     [31m^[39m
    [90m130| [39m        [34mexpect[39m(result[33m.[39mcanPromote)[33m.[39m[34mtoBe[39m([35mfalse[39m)[33m;[39m
    [90m131| [39m        

[31m[2mÔÄ»ÔÄ»ÔÄ»ÔÄ»ÔÄ»ÔÄ»ÔÄ»ÔÄ»ÔÄ»ÔÄ»ÔÄ»ÔÄ»ÔÄ»ÔÄ»ÔÄ»ÔÄ»ÔÄ»ÔÄ»ÔÄ»ÔÄ»ÔÄ»ÔÄ»[23/26]ÔÄ»[22m[39m

[31m[1m[7m FAIL [27m[22m[39m src/lib/domain/risk/growth-engine.test.ts[2m > [22mDomain: Growth Engine - 
evaluateGrowthPhase[2m > [22mdeve detectar shouldRegress = true e quebrar promotion quando expectancyR fica negativa 
independentemente da quantidade de trades
[31m[1mAssertionError[22m: expected false to be true // Object.is equality[39m

[32m- Expected[39m
[31m+ Received[39m

[32m- true[39m
[31m+ false[39m

[36m [2mÔØ»[22m src/lib/domain/risk/growth-engine.test.ts:[2m144:38[22m[39m
    [90m142| [39m        [35mconst[39m result [33m=[39m [34mevaluateGrowthPhase[39m(targetPhase[33m,[39m 
trades[33m,[39m startiÔÇª
    [90m143| [39m        
    [90m144| [39m        [34mexpect[39m(result[33m.[39mshouldRegress)[33m.[39m[34mtoBe[39m([35mtrue[39m)[33m;[39m
    [90m   | [39m                                     [31m^[39m
    [90m145| [39m        [34mexpect[39m(result[33m.[39mcanPromote)[33m.[39m[34mtoBe[39m([35mfalse[39m)[33m;[39m
    [90m146| [39m        

[31m[2mÔÄ»ÔÄ»ÔÄ»ÔÄ»ÔÄ»ÔÄ»ÔÄ»ÔÄ»ÔÄ»ÔÄ»ÔÄ»ÔÄ»ÔÄ»ÔÄ»ÔÄ»ÔÄ»ÔÄ»ÔÄ»ÔÄ»ÔÄ»ÔÄ»ÔÄ»[24/26]ÔÄ»[22m[39m

[31m[1m[7m FAIL [27m[22m[39m src/lib/domain/risk/growth-engine.test.ts[2m > [22mDomain: Growth Engine - 
evaluateGrowthPhase[2m > [22mn├úo deve promover quando faltar apenas 1 crit├®rio, mesmo com todos os outros perfeitos
[31m[1mTypeError[22m: Cannot read properties of undefined (reading 'find')[39m
[36m [2mÔØ»[22m src/lib/domain/risk/growth-engine.test.ts:[2m165:39[22m[39m
    [90m163| [39m        [34mexpect[39m(result[33m.[39mcanPromote)[33m.[39m[34mtoBe[39m([35mfalse[39m)[33m;[39m
    [90m164| [39m        [34mexpect[39m(result[33m.[39mshouldRegress)[33m.[39m[34mtoBe[39m([35mfalse[39m)[33m;[39m
    [90m165| [39m        [35mconst[39m reason [33m=[39m result[33m.[39mreasons[33m.[39m[34mfind[39m(r [33m=>[39m 
r[33m.[39m[34mincludes[39m([32m'M├¡nimo de [39mÔÇª
    [90m   | [39m                                      [31m^[39m
    [90m166| [39m        [34mexpect[39m(reason)[33m.[39m[34mtoBeDefined[39m()[33m;[39m
    [90m167| [39m    })[33m;[39m

[31m[2mÔÄ»ÔÄ»ÔÄ»ÔÄ»ÔÄ»ÔÄ»ÔÄ»ÔÄ»ÔÄ»ÔÄ»ÔÄ»ÔÄ»ÔÄ»ÔÄ»ÔÄ»ÔÄ»ÔÄ»ÔÄ»ÔÄ»ÔÄ»ÔÄ»ÔÄ»[25/26]ÔÄ»[22m[39m

[31mÔÄ»ÔÄ»ÔÄ»ÔÄ»ÔÄ»ÔÄ»[1m[7m Unhandled Errors [27m[22mÔÄ»ÔÄ»ÔÄ»ÔÄ»ÔÄ»ÔÄ»[39m
[31m[1m[7m FAIL [27m[22m[39m src/lib/domain/risk/risk-adapters.test.ts[2m > [22mRisk Adapters[2m > [22mdeve adaptar 
GrowthPhase
[31m[1mAssertionError[22m: expected +0 to be 40 // Object.is equality[39m

[32m- Expected[39m
[31m+ Received[39m

[31m[1m
Vitest caught 1 unhandled error during the test run.
[32m- 40[39m
[31m+ 0[39m

[36m [2mÔØ»[22m src/lib/domain/risk/risk-adapters.test.ts:[2m121:41[22m[39m
    [90m119| [39m
    [90m120| [39m        [35mconst[39m domainPhase [33m=[39m [34madaptGrowthPhaseToDomain[39m(phase)[33m;[39m
    [90m121| [39m        [34mexpect[39m(domainPhase[33m?.[39mminWinRate)[33m.[39m[34mtoBe[39m([34m40[39m)[33m;[39m
    [90m   | [39m                                        [31m^[39m
    [90m122| [39m        [34mexpect[39m(domainPhase[33m?.[39mminTrades)[33m.[39m[34mtoBe[39m([34m5[39m)[33m;[39m
    [90m123| [39m        
[34mexpect[39m(domainPhase[33m?.[39mmaxDrawdownPercent)[33m.[39m[34mtoBe[39m([34m5[39m)[33m;[39m

[31m[2mÔÄ»ÔÄ»ÔÄ»ÔÄ»ÔÄ»ÔÄ»ÔÄ»ÔÄ»ÔÄ»ÔÄ»ÔÄ»ÔÄ»ÔÄ»ÔÄ»ÔÄ»ÔÄ»ÔÄ»ÔÄ»ÔÄ»ÔÄ»ÔÄ»ÔÄ»[26/26]ÔÄ»[22m[39m


[31mÔÄ»ÔÄ»ÔÄ»ÔÄ»[1m[7m Unhandled Rejection [27m[22mÔÄ»ÔÄ»ÔÄ»ÔÄ»ÔÄ»[39m
[31m[1mTypeError[22m: Cannot read properties of undefined (reading 'loadTrades')[39m
[36m [2mÔØ»[22m loadRemainingData src/lib/stores/app.svelte.ts:[2m91:33[22m[39m
    [90m 89| [39m                    _financialSignal
    [90m 90| [39m                ] [33m=[39m [35mawait[39m [33mPromise[39m[33m.[39m[34mall[39m([
    [90m 91| [39m                    tradesStore[33m.[39m[34mloadTrades[39m()[33m.[39m[35mcatch[39m(() [33m=>[39m 
[35mnull[39m)[33m,[39m
    [90m   | [39m                                [31m^[39m
    [90m 92| [39m                    safeInvoke[33m<[39m[33mCurrency[39m[][33m>[39m([32m"get_currencies"[39m[33m,[39m 
[32m"Currenci[39mÔÇª
    [90m 93| [39m                    
safeInvoke[33m<[39m[33mRiskProfile[39m[][33m>[39m([32m"get_risk_profiles"[39m[33m,[39m [32m"Ri[39mÔÇª
[90m [2mÔØ»[22m AppFacadeStore.loadData src/lib/stores/app.svelte.ts:[2m147:13[22m[39m
[90m [2mÔØ»[22m processTicksAndRejections node:internal/process/task_queues:[2m103:5[22m[39m

[31mThis error originated in "[1msrc/lib/stores/trades.test.ts[22m" test file. It doesn't mean the error was thrown inside the 
file itself, but while it was running.[39m
[31mThe latest test that might've caused the error is "[1msrc/lib/stores/trades.test.ts[22m". It might mean one of the following:
- The error was thrown, while Vitest was running this test.
- If the error occurred after the test had been completed, this was the last documented test before it was thrown.[39m

This might cause false positive tests. Resolve unhandled errors to make sure your tests are not affected.[22m[39m
[31mÔÄ»ÔÄ»ÔÄ»ÔÄ»ÔÄ»ÔÄ»ÔÄ»ÔÄ»ÔÄ»ÔÄ»ÔÄ»ÔÄ»ÔÄ»ÔÄ»ÔÄ»ÔÄ»ÔÄ»ÔÄ»ÔÄ»ÔÄ»ÔÄ»ÔÄ»ÔÄ»ÔÄ»ÔÄ»ÔÄ»ÔÄ»ÔÄ»ÔÄ»ÔÄ»[39m
[2m Test Files [22m [1m[31m4 failed[39m[22m[2m | [22m[1m[32m19 passed[39m[22m[90m (23)[39m
[2m      Tests [22m [1m[31m26 failed[39m[22m[2m | [22m[1m[32m126 passed[39m[22m[2m | [22m[33m8 skipped[39m[90m (160)[39m
[2m     Errors [22m [1m[31m1 error[39m[22m
[2m   Start at [22m 19:54:51
[2m   Duration [22m 5.62s[2m (transform 4.12s, setup 4.51s, collect 16.06s, tests 308ms, environment 41.35s, prepare 4.84s)[22m

